D:\Smart Gated Community management System\backend\src\main\java\com\smartcommunity\config\CorsConfig.java
D:\Smart Gated Community management System\backend\src\main\java\com\smartcommunity\config\DataInitializer.java
D:\Smart Gated Community management System\backend\src\main\java\com\smartcommunity\config\JpaAuditingConfig.java
D:\Smart Gated Community management System\backend\src\main\java\com\smartcommunity\config\OpenApiConfig.java
D:\Smart Gated Community management System\backend\src\main\java\com\smartcommunity\config\SecurityConfig.java
D:\Smart Gated Community management System\backend\src\main\java\com\smartcommunity\controller\AuthController.java
D:\Smart Gated Community management System\backend\src\main\java\com\smartcommunity\controller\BuildingFlatController.java
D:\Smart Gated Community management System\backend\src\main\java\com\smartcommunity\controller\DashboardController.java
D:\Smart Gated Community management System\backend\src\main\java\com\smartcommunity\controller\MaintenanceController.java
D:\Smart Gated Community management System\backend\src\main\java\com\smartcommunity\controller\NoticeController.java
D:\Smart Gated Community management System\backend\src\main\java\com\smartcommunity\controller\PaymentController.java
D:\Smart Gated Community management System\backend\src\main\java\com\smartcommunity\controller\ResidentController.java
D:\Smart Gated Community management System\backend\src\main\java\com\smartcommunity\controller\VisitorController.java
D:\Smart Gated Community management System\backend\src\main\java\com\smartcommunity\dto\AuthDTOs.java
D:\Smart Gated Community management System\backend\src\main\java\com\smartcommunity\dto\BuildingFlatDTOs.java
D:\Smart Gated Community management System\backend\src\main\java\com\smartcommunity\dto\ComplaintDTOs.java
D:\Smart Gated Community management System\backend\src\main\java\com\smartcommunity\dto\DashboardDTOs.java
D:\Smart Gated Community management System\backend\src\main\java\com\smartcommunity\dto\MaintenanceDTOs.java
D:\Smart Gated Community management System\backend\src\main\java\com\smartcommunity\dto\NoticeDTOs.java
D:\Smart Gated Community management System\backend\src\main\java\com\smartcommunity\dto\PaymentDTOs.java
D:\Smart Gated Community management System\backend\src\main\java\com\smartcommunity\dto\ResidentDTOs.java
D:\Smart Gated Community management System\backend\src\main\java\com\smartcommunity\dto\response\ApiResponse.java
D:\Smart Gated Community management System\backend\src\main\java\com\smartcommunity\dto\response\ErrorDetails.java
D:\Smart Gated Community management System\backend\src\main\java\com\smartcommunity\dto\response\PagedResponse.java
D:\Smart Gated Community management System\backend\src\main\java\com\smartcommunity\dto\VisitorDTOs.java
D:\Smart Gated Community management System\backend\src\main\java\com\smartcommunity\entity\BaseEntity.java
D:\Smart Gated Community management System\backend\src\main\java\com\smartcommunity\entity\Building.java
D:\Smart Gated Community management System\backend\src\main\java\com\smartcommunity\entity\Complaint.java
D:\Smart Gated Community management System\backend\src\main\java\com\smartcommunity\entity\Flat.java
D:\Smart Gated Community management System\backend\src\main\java\com\smartcommunity\entity\MaintenanceRequest.java
D:\Smart Gated Community management System\backend\src\main\java\com\smartcommunity\entity\Notice.java
D:\Smart Gated Community management System\backend\src\main\java\com\smartcommunity\entity\Notification.java
D:\Smart Gated Community management System\backend\src\main\java\com\smartcommunity\entity\Payment.java
D:\Smart Gated Community management System\backend\src\main\java\com\smartcommunity\entity\Resident.java
D:\Smart Gated Community management System\backend\src\main\java\com\smartcommunity\entity\Role.java
D:\Smart Gated Community management System\backend\src\main\java\com\smartcommunity\entity\User.java
D:\Smart Gated Community management System\backend\src\main\java\com\smartcommunity\entity\Visitor.java
D:\Smart Gated Community management System\backend\src\main\java\com\smartcommunity\enums\ComplaintStatus.java
D:\Smart Gated Community management System\backend\src\main\java\com\smartcommunity\enums\FeeType.java
D:\Smart Gated Community management System\backend\src\main\java\com\smartcommunity\enums\FlatStatus.java
D:\Smart Gated Community management System\backend\src\main\java\com\smartcommunity\enums\NoticeCategory.java
D:\Smart Gated Community management System\backend\src\main\java\com\smartcommunity\enums\NotificationType.java
D:\Smart Gated Community management System\backend\src\main\java\com\smartcommunity\enums\PaymentMethod.java
D:\Smart Gated Community management System\backend\src\main\java\com\smartcommunity\enums\PaymentStatus.java
D:\Smart Gated Community management System\backend\src\main\java\com\smartcommunity\enums\Priority.java
D:\Smart Gated Community management System\backend\src\main\java\com\smartcommunity\enums\RequestStatus.java
D:\Smart Gated Community management System\backend\src\main\java\com\smartcommunity\enums\ResidentType.java
D:\Smart Gated Community management System\backend\src\main\java\com\smartcommunity\enums\RoleType.java
D:\Smart Gated Community management System\backend\src\main\java\com\smartcommunity\enums\TargetAudience.java
D:\Smart Gated Community management System\backend\src\main\java\com\smartcommunity\enums\VisitorStatus.java
D:\Smart Gated Community management System\backend\src\main\java\com\smartcommunity\enums\VisitorType.java
D:\Smart Gated Community management System\backend\src\main\java\com\smartcommunity\exception\AccessDeniedException.java
D:\Smart Gated Community management System\backend\src\main\java\com\smartcommunity\exception\BadRequestException.java
D:\Smart Gated Community management System\backend\src\main\java\com\smartcommunity\exception\DuplicateResourceException.java
D:\Smart Gated Community management System\backend\src\main\java\com\smartcommunity\exception\GlobalExceptionHandler.java
D:\Smart Gated Community management System\backend\src\main\java\com\smartcommunity\exception\ResourceNotFoundException.java
D:\Smart Gated Community management System\backend\src\main\java\com\smartcommunity\exception\UnauthorizedException.java
D:\Smart Gated Community management System\backend\src\main\java\com\smartcommunity\repository\BuildingRepository.java
D:\Smart Gated Community management System\backend\src\main\java\com\smartcommunity\repository\ComplaintRepository.java
D:\Smart Gated Community management System\backend\src\main\java\com\smartcommunity\repository\FlatRepository.java
D:\Smart Gated Community management System\backend\src\main\java\com\smartcommunity\repository\MaintenanceRequestRepository.java
D:\Smart Gated Community management System\backend\src\main\java\com\smartcommunity\repository\NoticeRepository.java
D:\Smart Gated Community management System\backend\src\main\java\com\smartcommunity\repository\NotificationRepository.java
D:\Smart Gated Community management System\backend\src\main\java\com\smartcommunity\repository\PaymentRepository.java
D:\Smart Gated Community management System\backend\src\main\java\com\smartcommunity\repository\ResidentRepository.java
D:\Smart Gated Community management System\backend\src\main\java\com\smartcommunity\repository\RoleRepository.java
D:\Smart Gated Community management System\backend\src\main\java\com\smartcommunity\repository\UserRepository.java
D:\Smart Gated Community management System\backend\src\main\java\com\smartcommunity\repository\VisitorRepository.java
D:\Smart Gated Community management System\backend\src\main\java\com\smartcommunity\security\CustomUserDetailsService.java
D:\Smart Gated Community management System\backend\src\main\java\com\smartcommunity\security\JwtAuthenticationEntryPoint.java
D:\Smart Gated Community management System\backend\src\main\java\com\smartcommunity\security\JwtAuthenticationFilter.java
D:\Smart Gated Community management System\backend\src\main\java\com\smartcommunity\security\JwtTokenProvider.java
D:\Smart Gated Community management System\backend\src\main\java\com\smartcommunity\security\UserPrincipal.java
D:\Smart Gated Community management System\backend\src\main\java\com\smartcommunity\service\AuthService.java
D:\Smart Gated Community management System\backend\src\main\java\com\smartcommunity\service\BuildingFlatService.java
D:\Smart Gated Community management System\backend\src\main\java\com\smartcommunity\service\ComplaintService.java
D:\Smart Gated Community management System\backend\src\main\java\com\smartcommunity\service\DashboardService.java
D:\Smart Gated Community management System\backend\src\main\java\com\smartcommunity\service\MaintenanceService.java
D:\Smart Gated Community management System\backend\src\main\java\com\smartcommunity\service\NoticeService.java
D:\Smart Gated Community management System\backend\src\main\java\com\smartcommunity\service\PaymentService.java
D:\Smart Gated Community management System\backend\src\main\java\com\smartcommunity\service\ResidentService.java
D:\Smart Gated Community management System\backend\src\main\java\com\smartcommunity\service\VisitorService.java
D:\Smart Gated Community management System\backend\src\main\java\com\smartcommunity\SmartCommunityApplication.java
